// Jest Snapshot v1, https://goo.gl/fbAQLP

exports[`renders correctly 1`] = `
<div>
  <div>
    <input
      type="text"
      value="test"
    />
  </div>
</div>
`;
